[    0.000000] Initializing cgroup subsys cpuset
[    0.000000] Initializing cgroup subsys cpu
[    0.000000] Initializing cgroup subsys cpuacct
[    0.000000] Linux version 4.4.0-141-generic (buildd@lcy01-amd64-006) (gcc version 5.4.0 20160609 (Ubuntu 5.4.0-6ubuntu1~16.04.10) ) #167-Ubuntu SMP Wed Dec 5 10:40:15 UTC 2018 (Ubuntu 4.4.0-141.167-generic 4.4.162)
[    0.000000] Command line: BOOT_IMAGE=/boot/vmlinuz-4.4.0-141-generic root=LABEL=cloudimg-rootfs ro console=tty1 console=ttyS0
[    0.000000] KERNEL supported cpus:
[    0.000000]   Intel GenuineIntel
[    0.000000]   AMD AuthenticAMD
[    0.000000]   Centaur CentaurHauls
[    0.000000] x86/fpu: xstate_offset[2]:  576, xstate_sizes[2]:  256
[    0.000000] x86/fpu: Supporting XSAVE feature 0x01: 'x87 floating point registers'
[    0.000000] x86/fpu: Supporting XSAVE feature 0x02: 'SSE registers'
[    0.000000] x86/fpu: Supporting XSAVE feature 0x04: 'AVX registers'
[    0.000000] x86/fpu: Enabled xstate features 0x7, context size is 832 bytes, using 'standard' format.
[    0.000000] e820: BIOS-provided physical RAM map:
[    0.000000] BIOS-e820: [mem 0x0000000000000000-0x000000000009fbff] usable
[    0.000000] BIOS-e820: [mem 0x000000000009fc00-0x000000000009ffff] reserved
[    0.000000] BIOS-e820: [mem 0x00000000000f0000-0x00000000000fffff] reserved
[    0.000000] BIOS-e820: [mem 0x0000000000100000-0x000000003ffeffff] usable
[    0.000000] BIOS-e820: [mem 0x000000003fff0000-0x000000003fffffff] ACPI data
[    0.000000] BIOS-e820: [mem 0x00000000fec00000-0x00000000fec00fff] reserved
[    0.000000] BIOS-e820: [mem 0x00000000fee00000-0x00000000fee00fff] reserved
[    0.000000] BIOS-e820: [mem 0x00000000fffc0000-0x00000000ffffffff] reserved
[    0.000000] NX (Execute Disable) protection: active
[    0.000000] SMBIOS 2.5 present.
[    0.000000] Hypervisor detected: KVM
[    0.000000] e820: last_pfn = 0x3fff0 max_arch_pfn = 0x400000000
[    0.000000] MTRR: Disabled
[    0.000000] x86/PAT: MTRRs disabled, skipping PAT initialization too.
[    0.000000] CPU MTRRs all blank - virtualized system.
[    0.000000] x86/PAT: Configuration [0-7]: WB  WT  UC- UC  WB  WT  UC- UC  
[    0.000000] found SMP MP-table at [mem 0x0009fff0-0x0009ffff] mapped at [ffff88000009fff0]
[    0.000000] Scanning 1 areas for low memory corruption
[    0.000000] RAMDISK: [mem 0x36304000-0x37179fff]
[    0.000000] ACPI: Early table checksum verification disabled
[    0.000000] ACPI: RSDP 0x00000000000E0000 000024 (v02 VBOX  )
[    0.000000] ACPI: XSDT 0x000000003FFF0030 00003C (v01 VBOX   VBOXXSDT 00000001 ASL  00000061)
[    0.000000] ACPI: FACP 0x000000003FFF00F0 0000F4 (v04 VBOX   VBOXFACP 00000001 ASL  00000061)
[    0.000000] ACPI: DSDT 0x000000003FFF0470 0022EA (v02 VBOX   VBOXBIOS 00000002 INTL 20100528)
[    0.000000] ACPI: FACS 0x000000003FFF0200 000040
[    0.000000] ACPI: FACS 0x000000003FFF0200 000040
[    0.000000] ACPI: APIC 0x000000003FFF0240 00005C (v02 VBOX   VBOXAPIC 00000001 ASL  00000061)
[    0.000000] ACPI: SSDT 0x000000003FFF02A0 0001CC (v01 VBOX   VBOXCPUT 00000002 INTL 20100528)
[    0.000000] No NUMA configuration found
[    0.000000] Faking a node at [mem 0x0000000000000000-0x000000003ffeffff]
[    0.000000] NODE_DATA(0) allocated [mem 0x3ffeb000-0x3ffeffff]
[    0.000000] kvm-clock: Using msrs 4b564d01 and 4b564d00
[    0.000000] kvm-clock: cpu 0, msr 0:3ffe3001, primary cpu clock
[    0.000000] kvm-clock: using sched offset of 4712265809 cycles
[    0.000000] clocksource: kvm-clock: mask: 0xffffffffffffffff max_cycles: 0x1cd42e4dffb, max_idle_ns: 881590591483 ns
[    0.000000] Zone ranges:
[    0.000000]   DMA      [mem 0x0000000000001000-0x0000000000ffffff]
[    0.000000]   DMA32    [mem 0x0000000001000000-0x000000003ffeffff]
[    0.000000]   Normal   empty
[    0.000000]   Device   empty
[    0.000000] Movable zone start for each node
[    0.000000] Early memory node ranges
[    0.000000]   node   0: [mem 0x0000000000001000-0x000000000009efff]
[    0.000000]   node   0: [mem 0x0000000000100000-0x000000003ffeffff]
[    0.000000] Initmem setup node 0 [mem 0x0000000000001000-0x000000003ffeffff]
[    0.000000] ACPI: PM-Timer IO Port: 0x4008
[    0.000000] IOAPIC[0]: apic_id 2, version 32, address 0xfec00000, GSI 0-23
[    0.000000] ACPI: INT_SRC_OVR (bus 0 bus_irq 0 global_irq 2 dfl dfl)
[    0.000000] ACPI: INT_SRC_OVR (bus 0 bus_irq 9 global_irq 9 low level)
[    0.000000] Using ACPI (MADT) for SMP configuration information
[    0.000000] smpboot: Allowing 2 CPUs, 0 hotplug CPUs
[    0.000000] PM: Registered nosave memory: [mem 0x00000000-0x00000fff]
[    0.000000] PM: Registered nosave memory: [mem 0x0009f000-0x0009ffff]
[    0.000000] PM: Registered nosave memory: [mem 0x000a0000-0x000effff]
[    0.000000] PM: Registered nosave memory: [mem 0x000f0000-0x000fffff]
[    0.000000] e820: [mem 0x40000000-0xfebfffff] available for PCI devices
[    0.000000] Booting paravirtualized kernel on KVM
[    0.000000] clocksource: refined-jiffies: mask: 0xffffffff max_cycles: 0xffffffff, max_idle_ns: 7645519600211568 ns
[    0.000000] setup_percpu: NR_CPUS:512 nr_cpumask_bits:512 nr_cpu_ids:2 nr_node_ids:1
[    0.000000] PERCPU: Embedded 34 pages/cpu @ffff88003fc00000 s99608 r8192 d31464 u1048576
[    0.000000] PV qspinlock hash table entries: 256 (order: 0, 4096 bytes)
[    0.000000] Built 1 zonelists in Node order, mobility grouping on.  Total pages: 257912
[    0.000000] Policy zone: DMA32
[    0.000000] Kernel command line: BOOT_IMAGE=/boot/vmlinuz-4.4.0-141-generic root=LABEL=cloudimg-rootfs ro console=tty1 console=ttyS0
[    0.000000] PID hash table entries: 4096 (order: 3, 32768 bytes)
[    0.000000] Memory: 997696K/1048120K available (8568K kernel code, 1314K rwdata, 4008K rodata, 1528K init, 1316K bss, 50424K reserved, 0K cma-reserved)
[    0.000000] SLUB: HWalign=64, Order=0-3, MinObjects=0, CPUs=2, Nodes=1
[    0.000000] Kernel/User page tables isolation: enabled
[    0.000000] Hierarchical RCU implementation.
[    0.000000] 	Build-time adjustment of leaf fanout to 64.
[    0.000000] 	RCU restricting CPUs from NR_CPUS=512 to nr_cpu_ids=2.
[    0.000000] RCU: Adjusting geometry for rcu_fanout_leaf=64, nr_cpu_ids=2
[    0.000000] NR_IRQS:33024 nr_irqs:440 16
[    0.000000] Console: colour VGA+ 80x25
[    0.000000] console [tty1] enabled
[    0.000000] console [ttyS0] enabled
[    0.000000] tsc: Detected 2712.000 MHz processor
[    0.242365] Calibrating delay loop (skipped) preset value.. 5424.00 BogoMIPS (lpj=10848000)
[    0.244326] pid_max: default: 32768 minimum: 301
[    0.245457] ACPI: Core revision 20150930
[    0.247440] ACPI: 2 ACPI AML tables successfully acquired and loaded
[    0.249199] Security Framework initialized
[    0.250238] Yama: becoming mindful.
[    0.251211] AppArmor: AppArmor initialized
[    0.252296] Dentry cache hash table entries: 131072 (order: 8, 1048576 bytes)
[    0.270933] Inode-cache hash table entries: 65536 (order: 7, 524288 bytes)
[    0.272480] Mount-cache hash table entries: 2048 (order: 2, 16384 bytes)
[    0.273891] Mountpoint-cache hash table entries: 2048 (order: 2, 16384 bytes)
[    0.275466] Initializing cgroup subsys io
[    0.276384] Initializing cgroup subsys memory
[    0.277395] Initializing cgroup subsys devices
[    0.278486] Initializing cgroup subsys freezer
[    0.279579] Initializing cgroup subsys net_cls
[    0.280571] Initializing cgroup subsys perf_event
[    0.281653] Initializing cgroup subsys net_prio
[    0.282737] Initializing cgroup subsys hugetlb
[    0.283717] Initializing cgroup subsys pids
[    0.286079] mce: CPU supports 0 MCE banks
[    0.287064] Last level iTLB entries: 4KB 64, 2MB 8, 4MB 8
[    0.288237] Last level dTLB entries: 4KB 64, 2MB 0, 4MB 0, 1GB 4
[    0.289547] Spectre V2 : Mitigation: Full generic retpoline
[    0.290737] Spectre V2 : Spectre v2 mitigation: Speculation control IBPB not-supported IBRS not-supported
[    0.292511] Spectre V2 : Spectre v2 / SpectreRSB mitigation: Filling RSB on context switch
[    0.294797] Speculative Store Bypass: Vulnerable
[    0.299447] Freeing SMP alternatives memory: 32K
[    0.313440] ftrace: allocating 32291 entries in 127 pages
[    0.431581] smpboot: APIC(0) Converting physical 0 to logical package 0
[    0.433268] smpboot: Max logical packages: 1
[    0.434796] x2apic enabled
[    0.436014] Switched APIC routing to physical x2apic.
[    0.440281] ..TIMER: vector=0x30 apic1=0 pin1=2 apic2=-1 pin2=-1
[    0.550559] smpboot: CPU0: Intel(R) Core(TM) i5-7200U CPU @ 2.50GHz (family: 0x6, model: 0x8e, stepping: 0x9)
[    0.553530] Performance Events: unsupported p6 CPU model 142 no PMU driver, software events only.
[    0.555924] KVM setup paravirtual spinlock
[    0.558053] x86: Booting SMP configuration:
[    0.559192] .... node  #0, CPUs:      #1
[    0.560267] kvm-clock: cpu 1, msr 0:3ffe3041, secondary cpu clock
[    0.563227] mce: CPU supports 0 MCE banks
[    0.565980] x86: Booted up 1 node, 2 CPUs
[    0.567581] smpboot: Total of 2 processors activated (10848.00 BogoMIPS)
[    0.569837] devtmpfs: initialized
[    0.573556] evm: security.selinux
[    0.574477] evm: security.SMACK64
[    0.575770] evm: security.SMACK64EXEC
[    0.576886] evm: security.SMACK64TRANSMUTE
[    0.577948] evm: security.SMACK64MMAP
[    0.579179] evm: security.ima
[    0.580015] evm: security.capability
[    0.581208] clocksource: jiffies: mask: 0xffffffff max_cycles: 0xffffffff, max_idle_ns: 7645041785100000 ns
[    0.583465] futex hash table entries: 512 (order: 3, 32768 bytes)
[    0.585014] pinctrl core: initialized pinctrl subsystem
[    0.586341] RTC time: 11:46:56, date: 02/04/19
[    0.587948] NET: Registered protocol family 16
[    0.599014] cpuidle: using governor ladder
[    0.611394] cpuidle: using governor menu
[    0.613011] PCCT header not found.
[    0.614259] ACPI: bus type PCI registered
[    0.615394] acpiphp: ACPI Hot Plug PCI Controller Driver version: 0.5
[    0.617069] PCI: Using configuration type 1 for base access
[    0.633388] ACPI: Added _OSI(Module Device)
[    0.636470] ACPI: Added _OSI(Processor Device)
[    0.639838] ACPI: Added _OSI(3.0 _SCP Extensions)
[    0.642947] ACPI: Added _OSI(Processor Aggregator Device)
[    0.648486] ACPI: Executed 1 blocks of module-level executable AML code
[    0.659514] ACPI: Interpreter enabled
[    0.662314] ACPI: (supports S0 S5)
[    0.665182] ACPI: Using IOAPIC for interrupt routing
[    0.669231] PCI: Using host bridge windows from ACPI; if necessary, use "pci=nocrs" and report a bug
[    0.683229] ACPI: PCI Root Bridge [PCI0] (domain 0000 [bus 00-ff])
[    0.685775] acpi PNP0A03:00: _OSC: OS supports [ASPM ClockPM Segments MSI]
[    0.689535] acpi PNP0A03:00: _OSC: not requesting OS control; OS requires [ExtendedConfig ASPM ClockPM MSI]
[    0.693876] acpi PNP0A03:00: fail to add MMCONFIG information, can't access extended PCI configuration space under this bridge.
[    0.699371] PCI host bridge to bus 0000:00
[    0.701430] pci_bus 0000:00: root bus resource [io  0x0000-0x0cf7 window]
[    0.704660] pci_bus 0000:00: root bus resource [io  0x0d00-0xffff window]
[    0.707632] pci_bus 0000:00: root bus resource [mem 0x000a0000-0x000bffff window]
[    0.713437] pci_bus 0000:00: root bus resource [mem 0x40000000-0xfdffffff window]
[    0.717039] pci_bus 0000:00: root bus resource [bus 00-ff]
[    0.722940] pci 0000:00:01.1: legacy IDE quirk: reg 0x10: [io  0x01f0-0x01f7]
[    0.725575] pci 0000:00:01.1: legacy IDE quirk: reg 0x14: [io  0x03f6]
[    0.728293] pci 0000:00:01.1: legacy IDE quirk: reg 0x18: [io  0x0170-0x0177]
[    0.730981] pci 0000:00:01.1: legacy IDE quirk: reg 0x1c: [io  0x0376]
[    0.797215] pci 0000:00:07.0: quirk: [io  0x4000-0x403f] claimed by PIIX4 ACPI
[    0.801306] pci 0000:00:07.0: quirk: [io  0x4100-0x410f] claimed by PIIX4 SMB
[    0.821712] ACPI: PCI Interrupt Link [LNKA] (IRQs 5 9 10 *11)
[    0.824337] ACPI: PCI Interrupt Link [LNKB] (IRQs 5 9 *10 11)
[    0.826473] ACPI: PCI Interrupt Link [LNKC] (IRQs 5 *9 10 11)
[    0.829137] ACPI: PCI Interrupt Link [LNKD] (IRQs 5 9 10 *11)
[    0.831877] ACPI: Enabled 2 GPEs in block 00 to 07
[    0.833926] vgaarb: setting as boot device: PCI:0000:00:02.0
[    0.835957] vgaarb: device added: PCI:0000:00:02.0,decodes=io+mem,owns=io+mem,locks=none
[    0.839198] vgaarb: loaded
[    0.840429] vgaarb: bridge control possible 0000:00:02.0
[    0.843033] SCSI subsystem initialized
[    0.845166] ACPI: bus type USB registered
[    0.847808] usbcore: registered new interface driver usbfs
[    0.850207] usbcore: registered new interface driver hub
[    0.851718] usbcore: registered new device driver usb
[    0.872339] PCI: Using ACPI for IRQ routing
[    0.874724] NetLabel: Initializing
[    0.875979] NetLabel:  domain hash size = 128
[    0.877560] NetLabel:  protocols = UNLABELED CIPSOv4
[    0.879360] NetLabel:  unlabeled traffic allowed by default
[    0.881247] amd_nb: Cannot enumerate AMD northbridges
[    0.883036] clocksource: Switched to clocksource kvm-clock
[    0.929634] AppArmor: AppArmor Filesystem Enabled
[    0.931068] pnp: PnP ACPI init
[    0.933410] pnp: PnP ACPI: found 3 devices
[    0.948312] clocksource: acpi_pm: mask: 0xffffff max_cycles: 0xffffff, max_idle_ns: 2085701024 ns
[    0.950843] NET: Registered protocol family 2
[    0.952350] TCP established hash table entries: 8192 (order: 4, 65536 bytes)
[    0.954251] TCP bind hash table entries: 8192 (order: 5, 131072 bytes)
[    0.955911] TCP: Hash tables configured (established 8192 bind 8192)
[    0.957556] UDP hash table entries: 512 (order: 2, 16384 bytes)
[    0.959248] UDP-Lite hash table entries: 512 (order: 2, 16384 bytes)
[    0.960928] NET: Registered protocol family 1
[    0.962143] pci 0000:00:00.0: Limiting direct PCI/PCI transfers
[    0.964729] pci 0000:00:01.0: Activating ISA DMA hang workarounds
[    0.967806] Unpacking initramfs...
[    1.668810] Freeing initrd memory: 14808K
[    1.670358] platform rtc_cmos: registered platform RTC device (no PNP device found)
[    1.672862] Scanning for low memory corruption every 60 seconds
[    1.675485] audit: initializing netlink subsys (disabled)
[    1.677658] audit: type=2000 audit(1549280823.283:1): initialized
[    1.679828] Initialise system trusted keyring
[    1.681539] HugeTLB registered 2 MB page size, pre-allocated 0 pages
[    1.684424] zbud: loaded
[    1.685697] VFS: Disk quotas dquot_6.6.0
[    1.686940] VFS: Dquot-cache hash table entries: 512 (order 0, 4096 bytes)
[    1.689020] squashfs: version 4.0 (2009/01/31) Phillip Lougher
[    1.690785] fuse init (API version 7.23)
[    1.692198] Key type big_key registered
[    1.693198] Allocating IMA MOK and blacklist keyrings.
[    1.698552] Key type asymmetric registered
[    1.699896] Asymmetric key parser 'x509' registered
[    1.701359] Block layer SCSI generic (bsg) driver version 0.4 loaded (major 249)
[    1.703914] io scheduler noop registered
[    1.704942] io scheduler deadline registered (default)
[    1.706273] io scheduler cfq registered
[    1.707576] pci_hotplug: PCI Hot Plug PCI Core version: 0.5
[    1.708993] pciehp: PCI Express Hot Plug Controller Driver version: 0.4
[    1.710650] ACPI: AC Adapter [AC] (off-line)
[    1.711962] input: Power Button as /devices/LNXSYSTM:00/LNXPWRBN:00/input/input0
[    1.714020] ACPI: Power Button [PWRF]
[    1.715056] input: Sleep Button as /devices/LNXSYSTM:00/LNXSLPBN:00/input/input1
[    1.717011] ACPI: Sleep Button [SLPF]
[    1.718204] GHES: HEST is not enabled!
[    1.720585] ACPI: Battery Slot [BAT0] (battery present)
[    1.722173] Serial: 8250/16550 driver, 32 ports, IRQ sharing enabled
 	
&'()*+,-./0123456789:;<=>?@ABCDEFGHIJKLMNOPQRSTUVWXYZ[\]^_`abcdefghijklmnopqrstuvwxyz{|}~ÄÅÇÉÑÖÜáàâäãåçéèêëíìîïñóòôöõúùûü†°¢£§•¶ß®©™´¨≠ÆØ∞±≤≥¥µ∂∑∏π∫ªºΩæø¿¡¬√ƒ≈∆«»… ÀÃÕŒœ–—“”‘’÷◊ÿŸ⁄€‹›ﬁﬂ‡·‚„‰ÂÊÁËÈÍÎÏÌÓÔÒÚÛÙıˆ˜¯˘˙˚¸˝˛ˇ[    1.745887] 00:02: ttyS0 at I/O 0x3f8 (irq = 4, base_baud = 115200) is a 16550A
[    1.749351] Linux agpgart interface v0.103
[    1.753322] loop: module loaded
[    1.755447] scsi host0: ata_piix
[    1.757050] scsi host1: ata_piix
[    1.758154] ata1: PATA max UDMA/33 cmd 0x1f0 ctl 0x3f6 bmdma 0xd000 irq 14
[    1.759853] ata2: PATA max UDMA/33 cmd 0x170 ctl 0x376 bmdma 0xd008 irq 15
[    1.761860] libphy: Fixed MDIO Bus: probed
[    1.763095] tun: Universal TUN/TAP device driver, 1.6
[    1.764527] tun: (C) 1999-2004 Max Krasnyansky <maxk@qualcomm.com>
[    1.766161] PPP generic driver version 2.4.2
[    1.767371] ehci_hcd: USB 2.0 'Enhanced' Host Controller (EHCI) Driver
[    1.769274] ehci-pci: EHCI PCI platform driver
[    1.770352] ehci-platform: EHCI generic platform driver
[    1.772144] ohci_hcd: USB 1.1 'Open' Host Controller (OHCI) Driver
[    1.773441] ohci-pci: OHCI PCI platform driver
[    1.775024] ohci-platform: OHCI generic platform driver
[    1.776745] uhci_hcd: USB Universal Host Controller Interface driver
[    1.778710] i8042: PNP: PS/2 Controller [PNP0303:PS2K,PNP0f03:PS2M] at 0x60,0x64 irq 1,12
[    1.781875] serio: i8042 KBD port at 0x60,0x64 irq 1
[    1.783157] serio: i8042 AUX port at 0x60,0x64 irq 12
[    1.784533] mousedev: PS/2 mouse device common for all mice
[    1.786465] rtc_cmos rtc_cmos: rtc core: registered rtc_cmos as rtc0
[    1.788251] rtc_cmos rtc_cmos: alarms up to one day, 114 bytes nvram
[    1.789882] i2c /dev entries driver
[    1.790921] device-mapper: uevent: version 1.0.3
[    1.792049] input: AT Translated Set 2 keyboard as /devices/platform/i8042/serio0/input/input2
[    1.794046] device-mapper: ioctl: 4.34.0-ioctl (2015-10-28) initialised: dm-devel@redhat.com
[    1.796075] ledtrig-cpu: registered to indicate activity on CPUs
[    1.798150] NET: Registered protocol family 10
[    1.799483] NET: Registered protocol family 17
[    1.800609] Key type dns_resolver registered
[    1.801846] registered taskstats version 1
[    1.802847] Loading compiled-in X.509 certificates
[    1.804560] Loaded X.509 cert 'Build time autogenerated kernel key: 7c9fb337b82e5a343493fe891c556beae1895c7c'
[    1.806794] zswap: loaded using pool lzo/zbud
[    1.810626] Key type trusted registered
[    1.818220] Key type encrypted registered
[    1.819394] AppArmor: AppArmor sha1 policy hashing enabled
[    1.821063] ima: No TPM chip found, activating TPM-bypass!
[    1.822516] ima: Allocated hash algorithm: sha1
[    1.823768] evm: HMAC attrs: 0x1
[    1.825205]   Magic number: 7:675:781
[    1.826397] rtc_cmos rtc_cmos: setting system clock to 2019-02-04 11:46:57 UTC (1549280817)
[    1.829237] BIOS EDD facility v0.16 2004-Jun-25, 0 devices found
[    1.830581] EDD information not available.
[    1.923995] Freeing unused kernel memory: 1528K
[    1.927815] Write protecting the kernel read-only data: 14336k
[    1.932974] Freeing unused kernel memory: 1660K
[    1.937167] Freeing unused kernel memory: 88K
Loading, please wait...
starting version 229
[    1.996582] random: systemd-udevd: uninitialized urandom read (16 bytes read, 3 bits of entropy available)
[    1.999155] random: udevadm: uninitialized urandom read (16 bytes read, 3 bits of entropy available)
[    1.999272] random: udevadm: uninitialized urandom read (16 bytes read, 3 bits of entropy available)
[    2.017386] random: systemd-udevd: uninitialized urandom read (16 bytes read, 3 bits of entropy available)
[    2.024016] random: udevadm: uninitialized urandom read (16 bytes read, 3 bits of entropy available)
[    2.024126] random: udevadm: uninitialized urandom read (16 bytes read, 3 bits of entropy available)
[    2.024517] random: udevadm: uninitialized urandom read (16 bytes read, 3 bits of entropy available)
[    2.024736] random: udevadm: uninitialized urandom read (16 bytes read, 3 bits of entropy available)
[    2.024881] random: udevadm: uninitialized urandom read (16 bytes read, 3 bits of entropy available)
[    2.025027] random: udevadm: uninitialized urandom read (16 bytes read, 3 bits of entropy available)
[    2.116032] e1000: Intel(R) PRO/1000 Network Driver - version 7.3.21-k8-NAPI
[    2.118885] e1000: Copyright (c) 1999-2006 Intel Corporation.
[    2.120854] Fusion MPT base driver 3.04.20
[    2.122422] Copyright (c) 1999-2008 LSI Corporation
[    2.137642] Fusion MPT SPI Host driver 3.04.20
[    2.146705] AVX2 version of gcm_enc/dec engaged.
[    2.148061] AES CTR mode by8 optimization enabled
[    2.337253] input: ImExPS/2 Generic Explorer Mouse as /devices/platform/i8042/serio1/input/input4
[    2.564625] e1000 0000:00:03.0 eth0: (PCI:33MHz:32-bit) 02:9c:d2:53:c1:d1
[    2.569049] e1000 0000:00:03.0 eth0: Intel(R) PRO/1000 Network Connection
[    2.687841] tsc: Refined TSC clocksource calibration: 2713.946 MHz
[    2.689916] clocksource: tsc: mask: 0xffffffffffffffff max_cycles: 0x271eb4f8692, max_idle_ns: 440795321941 ns
[    3.031410] e1000 0000:00:08.0 eth1: (PCI:33MHz:32-bit) 08:00:27:8c:7f:1c
[    3.036779] e1000 0000:00:08.0 eth1: Intel(R) PRO/1000 Network Connection
[    3.047314] e1000 0000:00:03.0 enp0s3: renamed from eth0
[    3.051639] mptbase: ioc0: Initiating bringup
[    3.068152] e1000 0000:00:08.0 enp0s8: renamed from eth1
[    3.130081] ioc0: LSI53C1030 A0: Capabilities={Initiator}
[    4.216453] scsi host2: ioc0: LSI53C1030 A0, FwRev=00000000h, Ports=1, MaxQ=256, IRQ=20
[    4.359772] scsi 2:0:0:0: Direct-Access     VBOX     HARDDISK         1.0  PQ: 0 ANSI: 5
[    4.362698] scsi target2:0:0: Beginning Domain Validation
[    4.366018] scsi target2:0:0: Domain Validation skipping write tests
[    4.368052] scsi target2:0:0: Ending Domain Validation
[    4.369281] scsi target2:0:0: asynchronous
[    4.370955] scsi 2:0:1:0: Direct-Access     VBOX     HARDDISK         1.0  PQ: 0 ANSI: 5
[    4.395099] scsi target2:0:1: Beginning Domain Validation
[    4.399300] scsi target2:0:1: Domain Validation skipping write tests
[    4.401448] scsi target2:0:1: Ending Domain Validation
[    4.403187] scsi target2:0:1: asynchronous
[    4.417440] sd 2:0:0:0: [sda] 20971520 512-byte logical blocks: (10.7 GB/10.0 GiB)
[    4.420608] sd 2:0:0:0: Attached scsi generic sg0 type 0
[    4.422661] sd 2:0:0:0: [sda] Write Protect is off
[    4.424615] sd 2:0:1:0: [sdb] 20480 512-byte logical blocks: (10.5 MB/10.0 MiB)
[    4.427565] sd 2:0:0:0: [sda] Incomplete mode parameter data
[    4.427812] sd 2:0:1:0: Attached scsi generic sg1 type 0
[    4.427897] sd 2:0:1:0: [sdb] Write Protect is off
[    4.428016] sd 2:0:1:0: [sdb] Incomplete mode parameter data
[    4.428017] sd 2:0:1:0: [sdb] Assuming drive cache: write through
[    4.434560] sd 2:0:0:0: [sda] Assuming drive cache: write through
[    4.438443]  sda: sda1
[    4.438713] sd 2:0:1:0: [sdb] Attached SCSI disk
[    4.442134] sd 2:0:0:0: [sda] Attached SCSI disk
Begin: Loading essential drivers ... [    6.123408] md: linear personality registered for level -1
[    6.127729] md: multipath personality registered for level -4
[    6.132101] md: raid0 personality registered for level 0
[    6.136068] md: raid1 personality registered for level 1
[    6.207478] raid6: sse2x1   gen()  6393 MB/s
[    6.275138] raid6: sse2x1   xor()  4752 MB/s
[    6.343138] raid6: sse2x2   gen()  7508 MB/s
[    6.411422] raid6: sse2x2   xor()  5675 MB/s
[    6.479276] raid6: sse2x4   gen()  5724 MB/s
[    6.547412] raid6: sse2x4   xor()  5965 MB/s
[    6.615123] raid6: avx2x1   gen() 11872 MB/s
[    6.683058] raid6: avx2x2   gen() 14934 MB/s
[    6.751228] raid6: avx2x4   gen() 17433 MB/s
[    6.752542] raid6: using algorithm avx2x4 gen() 17433 MB/s
[    6.754032] raid6: using avx2x2 recovery algorithm
[    6.757477] xor: automatically using best checksumming function:
[    6.799394]    avx       : 17850.000 MB/sec
[    6.805415] async_tx: api initialized (async)
[    6.825140] md: raid6 personality registered for level 6
[    6.828898] md: raid5 personality registered for level 5
[    6.832275] md: raid4 personality registered for level 4
[    6.848103] md: raid10 personality registered for level 10
done.
Begin: Running /scripts/init-premount ... done.
Begin: Mounting root file system ... Begin: Running /scripts/local-top ... done.
Begin: Running /scripts/local-premount ... [    6.924773] Btrfs loaded
Scanning for Btrfs filesystems
done.
Warning: fsck not present, so skipping root file system
[    6.978513] EXT4-fs (sda1): mounted filesystem with ordered data mode. Opts: (null)
done.
Begin: Running /scripts/local-bottom ... done.
Begin: Running /scripts/init-bottom ... done.
[    7.264899] systemd[1]: systemd 229 running in system mode. (+PAM +AUDIT +SELINUX +IMA +APPARMOR +SMACK +SYSVINIT +UTMP +LIBCRYPTSETUP +GCRYPT +GNUTLS +ACL +XZ -LZ4 +SECCOMP +BLKID +ELFUTILS +KMOD -IDN)
[    7.279389] systemd[1]: Detected virtualization oracle.
[    7.283985] systemd[1]: Detected architecture x86-64.

Welcome to [1mUbuntu 16.04.5 LTS[0m!

[    7.295899] systemd[1]: Set hostname to <ubuntu>.
[    7.305706] systemd[1]: Initializing machine ID from random generator.
[    7.310995] systemd[1]: Installed transient /etc/machine-id file.
[    8.438298] systemd[1]: Started Forward Password Requests to Wall Directory Watch.
[[0;32m  OK  [0m] Started Forward Password Requests to Wall Directory Watch.
[    8.582677] systemd[1]: Listening on udev Control Socket.
[[0;32m  OK  [0m] Listening on udev Control Socket.
[    8.589640] systemd[1]: Reached target System Time Synchronized.
[[0;32m  OK  [0m] Reached target System Time Synchronized.
[    8.597176] systemd[1]: Listening on LVM2 metadata daemon socket.
[[0;32m  OK  [0m] Listening on LVM2 metadata daemon socket.
[    8.605762] systemd[1]: Created slice User and Session Slice.
[[0;32m  OK  [0m] Created slice User and Session Slice.
[    8.692828] systemd[1]: Reached target Encrypted Volumes.
[[0;32m  OK  [0m] Reached target Encrypted Volumes.
[    8.703970] systemd[1]: Started Trigger resolvconf update for networkd DNS.
[[0;32m  OK  [0m] Started Trigger resolvconf update for networkd DNS.
[    8.717111] systemd[1]: Created slice System Slice.
[[0;32m  OK  [0m] Created slice System Slice.
[    8.725740] systemd[1]: Listening on Journal Audit Socket.
[[0;32m  OK  [0m] Listening on Journal Audit Socket.
[    8.735015] systemd[1]: Reached target Swap.
[[0;32m  OK  [0m] Reached target Swap.
[    8.742729] systemd[1]: Listening on Device-mapper event daemon FIFOs.
[[0;32m  OK  [0m] Listening on Device-mapper event daemon FIFOs.
[    8.751673] systemd[1]: Listening on LVM2 poll daemon socket.
[[0;32m  OK  [0m] Listening on LVM2 poll daemon socket.
[    9.268429] systemd[1]: Listening on udev Kernel Socket.
[[0;32m  OK  [0m] Listening on udev Kernel Socket.
[    9.284057] systemd[1]: Listening on Journal Socket.
[[0;32m  OK  [0m] Listening on Journal Socket.
[    9.297231] random: nonblocking pool is initialized
[    9.315733] systemd[1]: Starting Load Kernel Modules...
         Starting Load Kernel Modules...
[    9.327963] systemd[1]: Starting Monitoring of LVM2 mirrors, snapshots etc. using dmeventd or progress polling...
         Starting Monitoring of LVM2 mirrors... dmeventd or progress polling...
[    9.363570] Loading iSCSI transport class v2.0-870.
[    9.427604] systemd[1]: Starting Set console keymap...
[    9.432760] iscsi: registered transport (tcp)
         Starting Set console keymap...
[    9.443858] systemd[1]: Starting Remount Root and Kernel File Systems...
         Starting Remount Root and Kernel File Systems...
[    9.465972] systemd[1]: Starting Uncomplicated firewall...
         Starting Uncomplicated firewall...
[    9.473475] systemd[1]: Reached target Slices.
[[0;32m  OK  [0m] Reached target Slices.
[    9.503605] systemd[1]: Set up automount Arbitrary Executable File Formats File System Automount Point.
[[0;32m  OK  [0m] Set up automount Arbitrary Executab...ats File System Automount Point.
[    9.513601] EXT4-fs (sda1): re-mounted. Opts: (null)
[    9.535570] systemd[1]: Mounting POSIX Message Queue File System...
         Mounting POSIX Message Queue File System...
[    9.539583] systemd[1]: Listening on Journal Socket (/dev/log).
[[0;32m  OK  [0m] Listening on Journal Socket (/dev/log).
[    9.542520] systemd[1]: Listening on /dev/initctl Compatibility Named Pipe.
[[0;32m  OK  [0m] Listening on /dev/initctl Compatibility Named Pipe.
[    9.547656] systemd[1]: Created slice system-serial\x2dgetty.slice.
[    9.549800] iscsi: registered transport (iser)
[[0;32m  OK  [0m] Created slice system-serial\x2dgetty.slice.
[    9.554280] systemd[1]: Mounting Huge Pages File System...
         Mounting Huge Pages File System...
[    9.560204] systemd[1]: Reached target User and Group Name Lookups.
[[0;32m  OK  [0m] Reached target User and Group Name Lookups.
[    9.564311] systemd[1]: Starting Nameserver information manager...
         Starting Nameserver information manager...
[    9.568555] systemd[1]: Starting Create list of required static device nodes for the current kernel...
         Starting Create list of required st... nodes for the current kernel...
[    9.572488] systemd[1]: Listening on Syslog Socket.
[[0;32m  OK  [0m] Listening on Syslog Socket.
[    9.575678] systemd[1]: Starting Journal Service...
         Starting Journal Service...
[    9.578302] systemd[1]: Mounting Debug File System...
         Mounting Debug File System...
[    9.582439] systemd[1]: Mounted Huge Pages File System.
[[0;32m  OK  [0m] Mounted Huge Pages File System.
[    9.604468] systemd[1]: Mounted POSIX Message Queue File System.
[[0;32m  OK  [0m] Mounted POSIX Message Queue File System.
[    9.609079] systemd[1]: Mounted Debug File System.
[[0;32m  OK  [0m] Mounted Debug File System.
[    9.612352] systemd[1]: Started Load Kernel Modules.
[[0;32m  OK  [0m] Started Load Kernel Modules.
[    9.616516] systemd[1]: Started Remount Root and Kernel File Systems.
[[0;32m  OK  [0m] Started Remount Root and Kernel File Systems.
[    9.620154] systemd[1]: Started Uncomplicated firewall.
[[0;32m  OK  [0m] Started Uncomplicated firewall.
[    9.632225] systemd[1]: Started Create list of required static device nodes for the current kernel.
[[0;32m  OK  [0m] Started Create list of required sta...ce nodes for the current kernel.
[    9.648604] systemd[1]: Started Journal Service.
[[0;32m  OK  [0m] Started Journal Service.
[[0;32m  OK  [0m] Started Set console keymap.
[[0;32m  OK  [0m] Started Nameserver information manager.
[[0;32m  OK  [0m] Started LVM2 metadata daemon.
         Starting Create Static Device Nodes in /dev...
         Starting Load/Save Random Seed...
         Starting udev Coldplug all Devices...
         Starting Flush Journal to Persistent Storage...
         Starting Apply Kernel Variables...
         Mounting FUSE Control File System...
[[0;32m  OK  [0m] Started Load/Save Random Seed.
[[0;32m  OK  [0m] Mounted FUSE Control File System.
[[0;32m  OK  [0m] Started Create Static Device Nodes in /dev.
[[0;32m  OK  [0m] Started Apply Kernel Variables.
[[0;32m  OK  [0m] Started Flush Journal to Persistent Storage.
         Starting udev Kernel Device Manager...
[[0;32m  OK  [0m] Started udev Coldplug all Devices.
[[0;32m  OK  [0m] Started udev Kernel Device Manager.
[[0;32m  OK  [0m] Started Dispatch Password Requests to Console Directory Watch.
[[0;32m  OK  [0m] Started Monitoring of LVM2 mirrors,...ng dmeventd or progress polling.
[[0;32m  OK  [0m] Reached target Local File Systems (Pre).
[[0;32m  OK  [0m] Reached target Local File Systems.
         Starting Commit a transient machine-id on disk...
         Starting Initial cloud-init job (pre-networking)...
         Starting LSB: AppArmor initialization...
         Starting Set console font and keymap...
         Starting Create Volatile Files and Directories...
         Starting Tell Plymouth To Write Out Runtime Data...
[[0;32m  OK  [0m] Started Commit a transient machine-id on disk.
[[0;32m  OK  [0m] Started Create Volatile Files and Directories.
[[0;32m  OK  [0m] Started Tell Plymouth To Write Out Runtime Data.
[[0;32m  OK  [0m] Found device /dev/ttyS0.
         Starting Update UTMP about System Boot/Shutdown...
[[0;32m  OK  [0m] Started Update UTMP about System Boot/Shutdown.
[[0;32m  OK  [0m] Listening on Load/Save RF Kill Switch Status /dev/rfkill Watch.
[   12.029214] cloud-init[486]: Cloud-init v. 18.4-0ubuntu1~16.04.2 running 'init-local' at Mon, 04 Feb 2019 11:47:07 +0000. Up 11.41 seconds.
[[0;32m  OK  [0m] Started Initial cloud-init job (pre-networking).
[[0;32m  OK  [0m] Started LSB: AppArmor initialization.
[[0;32m  OK  [0m] Reached target Network (Pre).
         Starting Raise network interfaces...
[[0;32m  OK  [0m] Started Set console font and keymap.
[[0;32m  OK  [0m] Created slice system-getty.slice.
[[0;32m  OK  [0m] Started Raise network interfaces.
         Starting Initial cloud-init job (metadata service crawler)...
[[0;32m  OK  [0m] Reached target Network.
[   15.022679] cloud-init[937]: Cloud-init v. 18.4-0ubuntu1~16.04.2 running 'init' at Mon, 04 Feb 2019 11:47:10 +0000. Up 13.86 seconds.
[   15.024872] cloud-init[937]: ci-info: ++++++++++++++++++++++++++++++++++++++Net device info+++++++++++++++++++++++++++++++++++++++
[   15.027040] cloud-init[937]: ci-info: +--------+-------+----------------------------+---------------+--------+-------------------+
[   15.029202] cloud-init[937]: ci-info: | Device |   Up  |          Address           |      Mask     | Scope  |     Hw-Address    |
[   15.031286] cloud-init[937]: ci-info: +--------+-------+----------------------------+---------------+--------+-------------------+
[   15.033075] cloud-init[937]: ci-info: | enp0s3 |  True |         10.0.2.15          | 255.255.255.0 | global | 02:9c:d2:53:c1:d1 |
[   15.036118] cloud-init[937]: ci-info: | enp0s3 |  True | fe80::9c:d2ff:fe53:c1d1/64 |       .       |  link  | 02:9c:d2:53:c1:d1 |
[   15.039155] cloud-init[937]: ci-info: | enp0s8 | False |             .              |       .       |   .    | 08:00:27:8c:7f:1c |
[   15.041987] cloud-init[937]: ci-info: |   lo   |  True |         127.0.0.1          |   255.0.0.0   |  host  |         .         |
[   15.044804] cloud-init[937]: ci-info: |   lo   |  True |          ::1/128           |       .       |  host  |         .         |
[   15.047302] cloud-init[937]: ci-info: +--------+-------+----------------------------+---------------+--------+-------------------+
[   15.049459] cloud-init[937]: ci-info: +++++++++++++++++++++++++++Route IPv4 info++++++++++++++++++++++++++++
[   15.051319] cloud-init[937]: ci-info: +-------+-------------+----------+---------------+-----------+-------+
[   15.053168] cloud-init[937]: ci-info: | Route | Destination | Gateway  |    Genmask    | Interface | Flags |
[   15.055233] cloud-init[937]: ci-info: +-------+-------------+----------+---------------+-----------+-------+
[   15.057438] cloud-init[937]: ci-info: |   0   |   0.0.0.0   | 10.0.2.2 |    0.0.0.0    |   enp0s3  |   UG  |
[   15.059685] cloud-init[937]: ci-info: |   1   |   10.0.2.0  | 0.0.0.0  | 255.255.255.0 |   enp0s3  |   U   |
[   15.061772] cloud-init[937]: ci-info: +-------+-------------+----------+---------------+-----------+-------+
[   15.063708] cloud-init[937]: ci-info: +++++++++++++++++++Route IPv6 info+++++++++++++++++++
[   15.065656] cloud-init[937]: ci-info: +-------+-------------+---------+-----------+-------+
[   15.068574] cloud-init[937]: ci-info: | Route | Destination | Gateway | Interface | Flags |
[   15.070280] cloud-init[937]: ci-info: +-------+-------------+---------+-----------+-------+
[   15.071952] cloud-init[937]: ci-info: |   0   |  fe80::/64  |    ::   |   enp0s3  |   U   |
[   15.073916] cloud-init[937]: ci-info: |   3   |   ff00::/8  |    ::   |   enp0s3  |   U   |
[   15.076913] cloud-init[937]: ci-info: +-------+-------------+---------+-----------+-------+
[   15.078588] cloud-init[937]: Generating public/private rsa key pair.
[   15.080209] cloud-init[937]: Your identification has been saved in /etc/ssh/ssh_host_rsa_key.
[   15.082278] cloud-init[937]: Your public key has been saved in /etc/ssh/ssh_host_rsa_key.pub.
[   15.084675] cloud-init[937]: The key fingerprint is:
[   15.087162] cloud-init[937]: SHA256:8/w3NMESzEPck89j6+J6FphCRHvX+ny2jBbseMkBPog root@ubuntu-xenial
[   15.089195] cloud-init[937]: The key's randomart image is:
[   15.092223] cloud-init[937]: +---[RSA 2048]----+
[   15.100470] cloud-init[937]: |        .. =.. . |
[   15.101808] cloud-init[937]: |         .. * =  |
[   15.104600] cloud-init[937]: |        .. . = = |
[   15.106709] cloud-init[937]: |         ...o +oo|
[   15.108324] cloud-init[937]: |        S o =o..o|
[   15.109834] cloud-init[937]: |       E * = ==. |
[   15.111421] cloud-init[937]: |          + =.*+o|
[   15.112996] cloud-init[937]: |           o X=oo|
[   15.114499] cloud-init[937]: |           .O+.+ |
[   15.116106] cloud-init[937]: +----[SHA256]-----+
[   15.117321] cloud-init[937]: Generating public/private dsa key pair.
[[0;32m  OK  [0m] Started Initial cloud-init job (metadata service crawler).[   15.119041] cloud-init[937]: Your identification has been saved in /etc/ssh/ssh_host_dsa_key.

[   15.121206] cloud-init[937]: Your public key has been saved in /etc/ssh/ssh_host_dsa_key.pub.
[   15.123855] cloud-init[937]: The key fingerprint is:
[   15.132393] cloud-init[937]: SHA256:FrEq6HHQr1bi0SoRxFIUfVSt/HJ8Wp+JUJML90ErsG0 root@ubuntu-xenial
[[0;32m  OK  [0m] Reached target System Initialization.
[[0;32m  OK  [0m] Started Daily Cleanup of Temporary Directories.
[[0;32m  OK  [0m] Started Daily apt download activities.
[[0;32m  OK  [0m] Started Daily apt upgrade and clean activities.
[[0;32m  OK  [0m] Reached target Timers.
[[0;32m  OK  [0m] Listening on D-Bus System Message Bus Socket.
[[0;32m  OK  [0m] Listening on ACPID Listen Socket.
         [   15.138920] cloud-init[937]: The key's randomart image is:
[   15.155439] cloud-init[937]: +---[DSA 1024]----+
[   15.155967] cloud-init[937]: | +=o ...o.       |
[   15.156565] cloud-init[937]: |..... .  oo   .  |
[   15.157089] cloud-init[937]: | .o .. .o. + o . |
[   15.157813] cloud-init[937]: |   + o .o.o E o  |
[   15.158318] cloud-init[937]: |  + = = So = = . |
[   15.158961] cloud-init[937]: | . = B .. = + .  |
[   15.159771] cloud-init[937]: |  o =    o = o o |
[   15.160465] cloud-init[937]: |   o      . . +  |
[   15.160944] cloud-init[937]: |                 |
[   15.161439] cloud-init[937]: +----[SHA256]-----+
[   15.161879] cloud-init[937]: Generating public/private ecdsa key pair.
[   15.162333] cloud-init[937]: Your identification has been saved in /etc/ssh/ssh_host_ecdsa_key.
[   15.162827] cloud-init[937]: Your public key has been saved in /etc/ssh/ssh_host_ecdsa_key.pub.
[   15.163281] cloud-init[937]: The key fingerprint is:
[   15.163590] cloud-init[937]: SHA256:JRV0RhKdggK4gmrlt/NHnU7szgoUJguiEkEaPUZtKGg root@ubuntu-xenial
Starting Socket activation for snappy daemon.
[[   15.163676] cloud-init[937]: The key's randomart image is:
[   15.168226] cloud-init[937]: +---[ECDSA 256]---+
[   15.168734] cloud-init[937]: |=+.+..   o*=+.   |
[   15.169048] cloud-init[937]: |+E* o . ...+o    |
[0;32m  OK  [0m] Listening on UUID daemon activation socket.
[   15.169094] cloud-init[937]: |=+ = . +. ..     |
[   15.172188] cloud-init[937]: |+.o.. + .o       |
[   15.173063] cloud-init[937]: |+.o  . .S o .    |
[   15.173874] cloud-init[937]: |o. . ..  . =     |
[   15.174829] cloud-init[937]: |.   . ... +      |
[   15.175769] cloud-init[937]: |     o  ...o     |
[   15.176717] cloud-init[937]: |      o...oo     |
[   15.176944] cloud-init[937]: +----[SHA256]-----+
[   15.177399] cloud-init[937]: Generating public/private ed25519 key pair.
[   15.177801] cloud-init[937]: Your identification has been saved in /etc/ssh/ssh_host_ed25519_key.
[   15.178234] cloud-init[937]: Your public key has been saved in /etc/ssh/ssh_host_ed25519_key.pub.
[   15.178626] cloud-init[937]: The key fingerprint is:
[   15.179117] cloud-init[937]: SHA256:d4twWPmoAUampxTGoVRoqAo5tcg2NJJjE1LaLPe3HsM root@ubuntu-xenial
[   15.179544] cloud-init[937]: The key's randomart image is:
[   15.179996] cloud-init[937]: +--[ED25519 256]--+
[   15.180418] cloud-init[937]: |.=++=.o          |
[   15.180842] cloud-init[937]: |*X+o.=     .     |
[   15.181330] cloud-init[937]: |O*B.o +   o      |
[   15.181747] cloud-init[937]: |**.o + . o o     |
[   15.182222] cloud-init[937]: |+.. o . S + o    |
[   15.182648] cloud-init[937]: |.    o . * o .   |
[   15.183222] cloud-init[937]: |      E . . .    |
[   15.183651] cloud-init[937]: |     . o         |
[   15.184436] cloud-init[937]: |      .          |
[   15.184891] cloud-init[937]: +----[SHA256]-----+
         Starting LXD - unix socket.
[[0;32m  OK  [0m] Started ACPI Events Check.
[[0;32m  OK  [0m] Reached target Paths.
[[0;32m  OK  [0m] Reached target Cloud-config availability.
[[0;32m  OK  [0m] Reached target Network is Online.
         Starting iSCSI initiator daemon (iscsid)...
[[0;32m  OK  [0m] Listening on Socket activation for snappy daemon.
[[0;32m  OK  [0m] Listening on LXD - unix socket.
[[0;32m  OK  [0m] Reached target Sockets.
[[0;32m  OK  [0m] Reached target Basic System.
[[0;32m  OK  [0m] Started ACPI event daemon.
         Starting LXD - container startup/shutdown...
         Starting LSB: Record successful boot for GRUB...
         Starting Login Service...
[[0;32m  OK  [0m] Started FUSE filesystem for LXC.
         Starting LSB: MD monitoring daemon...
         Starting Snappy daemon...
         Starting Virtualbox guest utils...
         Starting Pollinate to seed the pseudo random number generator...
[[0;32m  OK  [0m] Started D-Bus System Message Bus.
[[0;32m  OK  [0m] Started Unattended Upgrades Shutdown.
         Starting System Logging Service...
[[0;32m  OK  [0m] Started Deferred execution scheduler.
[[0;32m  OK  [0m] Started Regular background program processing daemon.
         Starting /etc/rc.local Compatibility...
         Starting Accounts Service...
[[0;32m  OK  [0m] Started /etc/rc.local Compatibility.
[[0;32m  OK  [0m] Started iSCSI initiator daemon (iscsid).
[[0;32m  OK  [0m] Started System Logging Service.
[[0;32m  OK  [0m] Started LXD - container startup/shutdown.
[[0;32m  OK  [0m] Started LSB: Record successful boot for GRUB.
[[0;32m  OK  [0m] Started LSB: MD monitoring daemon.
[[0;32m  OK  [0m] Started Login Service.
         Starting Authenticate and Authorize Users to Run Privileged Tasks...
         Starting Login to default iSCSI targets...
[[0;32m  OK  [0m] Started Authenticate and Authorize Users to Run Privileged Tasks.
[[0;32m  OK  [0m] Started Virtualbox guest utils.
[[0;32m  OK  [0m] Started Accounts Service.
[[0;32m  OK  [0m] Started Login to default iSCSI targets.
[[0;32m  OK  [0m] Reached target Remote File Systems (Pre).
[[0;32m  OK  [0m] Reached target Remote File Systems.
         Starting LSB: Set the CPU Frequency Scaling governor to "ondemand"...
         Starting LSB: daemon to balance interrupts for SMP systems...
         Starting LSB: automatic crash report generation...
         Starting Permit User Sessions...
[[0;32m  OK  [0m] Started Permit User Sessions.
[[0;32m  OK  [0m] Started LSB: Set the CPU Frequency Scaling governor to "ondemand".
         Starting Hold until boot process finishes up...
         Starting Terminate Plymouth Boot Screen...
[[0;32m  OK  [0m] Started LSB: automatic crash report generation.
[[0;32m  OK  [0m] Started LSB: daemon to balance interrupts for SMP systems.
[[0;32m  OK  [0m] Started Hold until boot process finishes up.
[[0;32m  OK  [0m] Started Terminate Plymouth Boot Screen.
[[0;32m  OK  [0m] Started Snappy daemon.
         Starting Wait until snapd is fully seeded...
[[0;32m  OK  [0m] Started Getty on tty1.
[[0;32m  OK  [0m] Started Serial Getty on ttyS0.
[[0;32m  OK  [0m] Reached target Login Prompts.
         Starting Set console scheme...
[[0;32m  OK  [0m] Started Set console scheme.
[[0;32m  OK  [0m] Started Pollinate to seed the pseudo random number generator.
         Starting OpenBSD Secure Shell server...
[[0;32m  OK  [0m] Started OpenBSD Secure Shell server.
[[0;32m  OK  [0m] Created slice User Slice of vagrant.
         Starting User Manager for UID 1000...
[[0;32m  OK  [0m] Started Session 1 of user vagrant.
[[0;32m  OK  [0m] Started User Manager for UID 1000.

Ubuntu 16.04.5 LTS ubuntu-xenial ttyS0

ubuntu-xenial login: [   23.437119] cloud-init[1405]: Generating locales (this might take a while)...
[   25.398053] cloud-init[1405]:   en_US.UTF-8... done
[   25.398904] cloud-init[1405]: Generation complete.
[   25.822990] cloud-init[1405]: Cloud-init v. 18.4-0ubuntu1~16.04.2 running 'modules:config' at Mon, 04 Feb 2019 11:47:19 +0000. Up 23.28 seconds.
ci-info: no authorized ssh keys fingerprints found for user ubuntu.
<14>Feb  4 11:47:22 ec2: 
<14>Feb  4 11:47:22 ec2: #############################################################
<14>Feb  4 11:47:22 ec2: -----BEGIN SSH HOST KEY FINGERPRINTS-----
<14>Feb  4 11:47:22 ec2: 1024 SHA256:FrEq6HHQr1bi0SoRxFIUfVSt/HJ8Wp+JUJML90ErsG0 root@ubuntu-xenial (DSA)
<14>Feb  4 11:47:22 ec2: 256 SHA256:JRV0RhKdggK4gmrlt/NHnU7szgoUJguiEkEaPUZtKGg root@ubuntu-xenial (ECDSA)
<14>Feb  4 11:47:22 ec2: 256 SHA256:d4twWPmoAUampxTGoVRoqAo5tcg2NJJjE1LaLPe3HsM root@ubuntu-xenial (ED25519)
<14>Feb  4 11:47:22 ec2: 2048 SHA256:8/w3NMESzEPck89j6+J6FphCRHvX+ny2jBbseMkBPog root@ubuntu-xenial (RSA)
<14>Feb  4 11:47:22 ec2: -----END SSH HOST KEY FINGERPRINTS-----
<14>Feb  4 11:47:22 ec2: #############################################################
-----BEGIN SSH HOST KEY KEYS-----
ecdsa-sha2-nistp256 AAAAE2VjZHNhLXNoYTItbmlzdHAyNTYAAAAIbmlzdHAyNTYAAABBBBhEh+zLP6Ulg71d8+tphAiGAp30i+0NSPVXk+qw2HOXkKrCyM8FN4V5usVK3ByE0qhFS96zvaf8MOLeCmdznh8= root@ubuntu-xenial
ssh-ed25519 AAAAC3NzaC1lZDI1NTE5AAAAIE5C4AgGoDFf2Dl/FwBLnD58K9TpWj+UpMQF5ZB87fhP root@ubuntu-xenial
ssh-rsa AAAAB3NzaC1yc2EAAAADAQABAAABAQDRdxGZ7XWbevmtjfR9P01a4rsIWcERL8M/DQ7bzCsPL5xM0O2NSvtjXPUP9wm4Ez+PdzcM7vkbcq/H44zDWbhNjWTj9cysDowkOFn0x1bGpyR2MHLMI+itxJMS7+oeMWb/3ruTnUY6Ww9P8XNtd3r17y9ON0/67bXJW1ELJ/FDXD2LoBPtbRHhgh+SgVyJpj0RIlHKxRBITk/Gfj7ZXz1JYF3bbdPaVTh5rZgbfHT5ZzqkPZdivOzQfpHUbE3EN8+j//l36WStzCikKa0CT3LeaEwVWsFEx5tSgLq7oSTlSPOaIzTNHLiiFZ+rC0rBdK/HcM0UAW8nsSTW1kKU4/Ft root@ubuntu-xenial
-----END SSH HOST KEY KEYS-----
[   26.542403] cloud-init[1496]: Cloud-init v. 18.4-0ubuntu1~16.04.2 running 'modules:final' at Mon, 04 Feb 2019 11:47:22 +0000. Up 26.30 seconds.
[   26.542668] cloud-init[1496]: ci-info: no authorized ssh keys fingerprints found for user ubuntu.
[   26.542838] cloud-init[1496]: Cloud-init v. 18.4-0ubuntu1~16.04.2 finished at Mon, 04 Feb 2019 11:47:22 +0000. Datasource DataSourceNoCloud [seed=/dev/sdb][dsmode=net].  Up 26.53 seconds
